// Jest Snapshot v1, https://goo.gl/fbAQLP

exports[`Matches snapshot 1`] = `
<label
  className="checkbox _checked"
  data-testid="checkbox"
>
  <span
    className="checkbox-check"
  >
    <svg
      fill="none"
      height="8"
      viewBox="0 0 12 8"
      width="12"
      xmlns="http://www.w3.org/2000/svg"
    >
      <path
        d="M4.28571 8L0 4.16123L1.20857 3.0787L4.28571 5.82726L10.7914 0L12 1.09021L4.28571 8Z"
        fill="#2196F3"
      />
    </svg>
  </span>
  <input
    checked={true}
    onChange={[Function]}
    type="checkbox"
  />
  Test
</label>
`;
