// Jest Snapshot v1, https://goo.gl/fbAQLP

exports[`Button Matches snapshot 1`] = `
<button
  className="button"
  data-testid="button"
>
  button name is here
</button>
`;
